GAMS Rev 235  WEX-WEI 23.5.2 x86_64/MS Windows          05/03/17 19:32:04 Page 1
Programa-v3
C o m p i l a t i o n


   2   
      Esta es la versión 3 del programa final.
      El objetivo será añadir  un vector VECTOR10 (tabla con 1 cuando el coche e
      stá
      y 0 cuando no).
      Así mismo se hará una función LOOP que inicializará CARGA fijando el valor
      inicial a la carga con la que llega el coche.
       
      Utilizaré un vector del precio de la energía por horas:
      PRECIOENERGIA = Precio de la energía:
      PRECIOENERGIA(i) PRECIOENERGIA / 1
                       2
                       3 ..../
       
      Utilizaré un vector del consumo de la escuela por horas
      CONSUMOESCUELA = Consumo de la escuela
      CONSUMOESCUELA(i) CESCUELA / 1
                       2
                       3 ..../
       
      Utilizaré un vector de la producción fotovoltáica por horas
      PRODUCCIONFOTOVOLTAICA = Producción fotovoltáica de la escuela
      PRODUCCIONFOTOVOLTAICA(i) PFOTOVOLTAICA / 1
                            2
                            3 ..../
       
      Utilizaré un vector de 0 y 1 que tendrá un 1 en las posiciones en las que
      el coche está en la escuela y un 0 en las que no.
      PERIODOESTACIONADO(i) PERIODO DE ESTANCIA  / 1
                            2
                            3 ..../
       
      Utilizaré un vector de los costes por hora (Lo que se gasta por hora en en
      ergía)
      CONSUMOPORHORA = Coste por hora -> Lo que gasta la escuela
      CONSUMOPORHORA(i) CHORA / 1
                    2
                    3 ..../
       
      La función objetivo a minimizar será:
       
              Min F(x) = SUM(I,CONSUMOPORHORA(I))) -> Minimizar el sumatorio de 
      los costes/hora
       
  45   
  46  SET
  47           I HORAS /1*24/;
  48   
  49  *Parámetros inventados...Falta sacar los valores reales
  50  PARAMETERS
  51  *Precio por KWh
  52    PRECIOENERGIA(I) precio energía  /1       3.
  53                           2       3.
  54                           3       4.
  55                           4       3.
  56                           5       3.
  57                           6       4.
  58                           7       4.
  59                           8       6.
  60                           9       8.
  61                           10      10.
  62                           11      10.
  63                           12      9.
  64                           13      7.
  65                           14      6.
  66                           15      6.
  67                           16      8.
  68                           17      10.
  69                           18      11.
  70                           19      12.
  71                           20      10.
  72                           21      8.
  73                           22      3.
  74                           23      3.
  75                           24      3. /
  76   
  77  *Producción fotovoltaica de la escuela / hora
  78    PRODUCCIONFOTOVOLTAICA(I) p. fotovoltaica /1       0.
  79                           2       0.
  80                           3       0.
  81                           4       0.
  82                           5       0.
  83                           6       0.
  84                           7       0.
  85                           8       1.
  86                           9       2.
  87                           10      3.
  88                           11      3.5
  89                           12      4.
  90                           13      4.3
  91                           14      4.5
  92                           15      4.5
  93                           16      4.4
  94                           17      4.
  95                           18      3.5
  96                           19      2.
  97                           20      1.
  98                           21      0.
  99                           22      0.
 100                           23      0.
 101                           24      0. /
 102   
 103  *Consumo de la escuela / hora
 104    CONSUMOESCUELA(I) consumo escuela /1       50.
 105                           2       60.
 106                           3       70.
 107                           4       60.
 108                           5       70.
 109                           6       70.
 110                           7       90.
 111                           8       110.
 112                           9       130.
 113                           10      100.
 114                           11      100.
 115                           12      90.
 116                           13      80.
 117                           14      60.
 118                           15      60.
 119                           16      80.
 120                           17      90.
 121                           18      100.
 122                           19      150.
 123                           20      130.
 124                           21      80.
 125                           22      30.
 126                           23      30.
 127                           24      30. /
 128   
 129  *Array de 1 y 0 con un 1 en las horas en las que el coche está aparcado
 130  PERIODOESTACIONADO(I) PERIODO DE ESTANCIA  /1       0.
 131                           2       0.
 132                           3       0.
 133                           4       0.
 134                           5       0.
 135                           6       0.
 136                           7       0.
 137                           8       0.
 138                           9       1.
 139                           10      1.
 140                           11      1.
 141                           12      1.
 142                           13      1.
 143                           14      1.
 144                           15      1.
 145                           16      1.
 146                           17      1.
 147                           18      1.
 148                           19      1.
 149                           20      1.
 150                           21      0.
 151                           22      0.
 152                           23      0.
 153                           24      0. /
 154   
 155  ;
 156   
 157  SCALAR
 158           CAPACIDAD               Capacidad de la batería en kWh  /24/
 159           CARGAINICIAL            Carga inicial en kWh            /15/
 160           HORASALIDA              Hora de salida                  /20/
 161           HORALLEGADA             Hora de llegada                 /9/
 162           CARGAALASALIDA          Carga minima cuando se va       /18/
 163           COUNTERLOOP             Contador para el loop           /0/
 164           RATIOCARGADESCARGA      KWh máximos en 1 hora           /3.68/;
 165   
 166  VARIABLES
 167  F;
 168   
 169  POSITIVE VARIABLES
 170  CARGA(I), CONSUMOPORHORA(I);
 171   
 172  *fx para fijar el valor de una variable.
 173  *Este loop inicializa el valor de la carga con CARGAINICIAL.
 174  *Fija ese valor en todas las horas hasta que llega.
 175  LOOP(I, COUNTERLOOP = COUNTERLOOP+1;
 176          if (COUNTERLOOP <= HORALLEGADA, CARGA.fx(I) =  CARGAINICIAL;);
 177          if (COUNTERLOOP = 24, COUNTERLOOP = 0;);
 178      );
 179   
 180  *lo para poner el límite inferior de una variable.
 181  *Este loop pone un límite inferior a la carga de salida. Aseguramos que el
 182  *coche se va con una carga mínima.
 183  LOOP(I, COUNTERLOOP = COUNTERLOOP+1;
 184          if (COUNTERLOOP >= HORASALIDA, CARGA.lo(I) =  CARGAALASALIDA;);
 185          if (COUNTERLOOP = 24, COUNTERLOOP = 0;);
 186      );
 187   
 188  EQUATIONS
 189       OBJ                 La función objetivo
 190       COSTESINCOCHES(I)   Función para comparar el coste si no se usase est
      e algoritmo
 191       ITERACION(I)        Función de las horas 1 a la 24
 192       CAPACIDADMAX(I)     Funcion que condiciona la carga de la batería a l
      a capacidad
 193       CARGAMAX(I)         Función que condiciona la carga  por hora máxima 
      a 3.68 kWh
 194       DESCARGAMAX(I)      Función que condiciona la descarga  por hora máxi
      ma a 3.68 kWh
 195  ;
 196   
 197  OBJ ..                   F  =E=  sum(I, CONSUMOPORHORA(I)) ;
 198   
 199  COSTESINCOCHES(I) ..     PRECIOENERGIA(I)*[CONSUMOESCUELA(I)- PRODUCCIONFO
      TOVOLTAICA(I)] =E= CONSUMOPORHORA(I);
 200   
 201  ITERACION(I) ..          PRECIOENERGIA(I)*[CONSUMOESCUELA(I)- PRODUCCIONFO
      TOVOLTAICA(I) + [[CARGA(I) - CARGA(I-1)]*PERIODOESTACIONADO(I)]] =E=  CONS
      UMOPORHORA(I) ;
 202   
 203  CAPACIDADMAX(I) ..       CARGA(I) =L= CAPACIDAD;
 204   
 205  CARGAMAX(I) ..           CARGA(I+1) - CARGA(I) =L= RATIOCARGADESCARGA;
 206   
 207  DESCARGAMAX(I) ..        CARGA(I) - CARGA(I-1) =G= -RATIOCARGADESCARGA;
 208   
 209   
 210  MODEL progConCoches /OBJ,ITERACION, CAPACIDADMAX, CARGAMAX, DESCARGAMAX/ ;
 211  MODEL progSinCoches /OBJ,COSTESINCOCHES/ ;
 212   
 213  SOLVE progSinCoches using lp minimizing F;
 214  SOLVE progConCoches using lp minimizing F;
 215   


COMPILATION TIME     =        0.000 SECONDS      3 Mb  WEX235-235 Aug 17, 2010
GAMS Rev 235  WEX-WEI 23.5.2 x86_64/MS Windows          05/03/17 19:32:04 Page 2
Programa-v3
Equation Listing    SOLVE progSinCoches Using LP From line 213


---- OBJ  =E=  La función objetivo

OBJ..  F - CONSUMOPORHORA(1) - CONSUMOPORHORA(2) - CONSUMOPORHORA(3)
     
      - CONSUMOPORHORA(4) - CONSUMOPORHORA(5) - CONSUMOPORHORA(6)
     
      - CONSUMOPORHORA(7) - CONSUMOPORHORA(8) - CONSUMOPORHORA(9)
     
      - CONSUMOPORHORA(10) - CONSUMOPORHORA(11) - CONSUMOPORHORA(12)
     
      - CONSUMOPORHORA(13) - CONSUMOPORHORA(14) - CONSUMOPORHORA(15)
     
      - CONSUMOPORHORA(16) - CONSUMOPORHORA(17) - CONSUMOPORHORA(18)
     
      - CONSUMOPORHORA(19) - CONSUMOPORHORA(20) - CONSUMOPORHORA(21)
     
      - CONSUMOPORHORA(22) - CONSUMOPORHORA(23) - CONSUMOPORHORA(24) =E= 0 ;
     
      (LHS = 0)
     

---- COSTESINCOCHES  =E=  Función para comparar el coste si no se usase este alg
                          oritmo

COSTESINCOCHES(1)..  - CONSUMOPORHORA(1) =E= -150 ; (LHS = 0, INFES = 150 ****)
     
COSTESINCOCHES(2)..  - CONSUMOPORHORA(2) =E= -180 ; (LHS = 0, INFES = 180 ****)
     
COSTESINCOCHES(3)..  - CONSUMOPORHORA(3) =E= -280 ; (LHS = 0, INFES = 280 ****)
     
REMAINING 21 ENTRIES SKIPPED

GAMS Rev 235  WEX-WEI 23.5.2 x86_64/MS Windows          05/03/17 19:32:04 Page 3
Programa-v3
Column Listing      SOLVE progSinCoches Using LP From line 213


---- F  

F
                (.LO, .L, .UP, .M = -INF, 0, +INF, 0)
        1       OBJ


---- CONSUMOPORHORA  

CONSUMOPORHORA(1)
                (.LO, .L, .UP, .M = 0, 0, +INF, 0)
       -1       OBJ
       -1       COSTESINCOCHES(1)

CONSUMOPORHORA(2)
                (.LO, .L, .UP, .M = 0, 0, +INF, 0)
       -1       OBJ
       -1       COSTESINCOCHES(2)

CONSUMOPORHORA(3)
                (.LO, .L, .UP, .M = 0, 0, +INF, 0)
       -1       OBJ
       -1       COSTESINCOCHES(3)

REMAINING 21 ENTRIES SKIPPED
GAMS Rev 235  WEX-WEI 23.5.2 x86_64/MS Windows          05/03/17 19:32:04 Page 4
Programa-v3
Model Statistics    SOLVE progSinCoches Using LP From line 213


MODEL STATISTICS

BLOCKS OF EQUATIONS           2     SINGLE EQUATIONS           25
BLOCKS OF VARIABLES           2     SINGLE VARIABLES           25
NON ZERO ELEMENTS            49


GENERATION TIME      =        0.016 SECONDS      4 Mb  WEX235-235 Aug 17, 2010


EXECUTION TIME       =        0.016 SECONDS      4 Mb  WEX235-235 Aug 17, 2010
GAMS Rev 235  WEX-WEI 23.5.2 x86_64/MS Windows          05/03/17 19:32:04 Page 5
Programa-v3
Solution Report     SOLVE progSinCoches Using LP From line 213


               S O L V E      S U M M A R Y

     MODEL   progSinCoches       OBJECTIVE  F
     TYPE    LP                  DIRECTION  MINIMIZE
     SOLVER  CPLEX               FROM LINE  213

**** SOLVER STATUS     1 Normal Completion         
**** MODEL STATUS      1 Optimal                   
**** OBJECTIVE VALUE            13725.2000

 RESOURCE USAGE, LIMIT          0.015      1000.000
 ITERATION COUNT, LIMIT         0    2000000000

IBM ILOG CPLEX   Aug 18, 2010 23.5.2 WEX 19143.19383 WEI x86_64/MS Windows
Cplex 12.2.0.0, GAMS Link 34 

LP status(1): optimal
Optimal solution found.
Objective :       13725.200000


                       LOWER     LEVEL     UPPER    MARGINAL

---- EQU OBJ             .         .         .        1.000      

  OBJ  La función objetivo

---- EQU COSTESINCOCHES  Función para comparar el coste si no se usase este algo
                         ritmo

      LOWER     LEVEL     UPPER    MARGINAL

1   -150.000  -150.000  -150.000    -1.000      
2   -180.000  -180.000  -180.000    -1.000      
3   -280.000  -280.000  -280.000    -1.000      
4   -180.000  -180.000  -180.000    -1.000      
5   -210.000  -210.000  -210.000    -1.000      
6   -280.000  -280.000  -280.000    -1.000      
7   -360.000  -360.000  -360.000    -1.000      
8   -654.000  -654.000  -654.000    -1.000      
9  -1024.000 -1024.000 -1024.000    -1.000      
10  -970.000  -970.000  -970.000    -1.000      
11  -965.000  -965.000  -965.000    -1.000      
12  -774.000  -774.000  -774.000    -1.000      
13  -529.900  -529.900  -529.900    -1.000      
14  -333.000  -333.000  -333.000    -1.000      
15  -333.000  -333.000  -333.000    -1.000      
16  -604.800  -604.800  -604.800    -1.000      
17  -860.000  -860.000  -860.000    -1.000      
18 -1061.500 -1061.500 -1061.500    -1.000      
19 -1776.000 -1776.000 -1776.000    -1.000      
20 -1290.000 -1290.000 -1290.000    -1.000      
21  -640.000  -640.000  -640.000    -1.000      
22   -90.000   -90.000   -90.000    -1.000      
23   -90.000   -90.000   -90.000    -1.000      
24   -90.000   -90.000   -90.000    -1.000      

                       LOWER     LEVEL     UPPER    MARGINAL

---- VAR F              -INF  13725.200     +INF       .         

---- VAR CONSUMOPORHORA  

      LOWER     LEVEL     UPPER    MARGINAL

1       .      150.000     +INF       .         
2       .      180.000     +INF       .         
3       .      280.000     +INF       .         
4       .      180.000     +INF       .         
5       .      210.000     +INF       .         
6       .      280.000     +INF       .         
7       .      360.000     +INF       .         
8       .      654.000     +INF       .         
9       .     1024.000     +INF       .         
10      .      970.000     +INF       .         
11      .      965.000     +INF       .         
12      .      774.000     +INF       .         
13      .      529.900     +INF       .         
14      .      333.000     +INF       .         
15      .      333.000     +INF       .         
16      .      604.800     +INF       .         
17      .      860.000     +INF       .         
18      .     1061.500     +INF       .         
19      .     1776.000     +INF       .         
20      .     1290.000     +INF       .         
21      .      640.000     +INF       .         
22      .       90.000     +INF       .         
23      .       90.000     +INF       .         
24      .       90.000     +INF       .         


**** REPORT SUMMARY :        0     NONOPT
                             0 INFEASIBLE
                             0  UNBOUNDED
GAMS Rev 235  WEX-WEI 23.5.2 x86_64/MS Windows          05/03/17 19:32:04 Page 6
Programa-v3
Equation Listing    SOLVE progConCoches Using LP From line 214


---- OBJ  =E=  La función objetivo

OBJ..  F - CONSUMOPORHORA(1) - CONSUMOPORHORA(2) - CONSUMOPORHORA(3)
     
      - CONSUMOPORHORA(4) - CONSUMOPORHORA(5) - CONSUMOPORHORA(6)
     
      - CONSUMOPORHORA(7) - CONSUMOPORHORA(8) - CONSUMOPORHORA(9)
     
      - CONSUMOPORHORA(10) - CONSUMOPORHORA(11) - CONSUMOPORHORA(12)
     
      - CONSUMOPORHORA(13) - CONSUMOPORHORA(14) - CONSUMOPORHORA(15)
     
      - CONSUMOPORHORA(16) - CONSUMOPORHORA(17) - CONSUMOPORHORA(18)
     
      - CONSUMOPORHORA(19) - CONSUMOPORHORA(20) - CONSUMOPORHORA(21)
     
      - CONSUMOPORHORA(22) - CONSUMOPORHORA(23) - CONSUMOPORHORA(24) =E= 0 ;
     
      (LHS = 0)
     

---- ITERACION  =E=  Función de las horas 1 a la 24

ITERACION(1)..  - CONSUMOPORHORA(1) =E= -150 ; (LHS = -150)
     
ITERACION(2)..  - CONSUMOPORHORA(2) =E= -180 ; (LHS = -180)
     
ITERACION(3)..  - CONSUMOPORHORA(3) =E= -280 ; (LHS = -280)
     
REMAINING 21 ENTRIES SKIPPED


---- CAPACIDADMAX  =L=  Funcion que condiciona la carga de la batería a la capac
                        idad

CAPACIDADMAX(1)..  CARGA(1) =L= 24 ; (LHS = 15)
     
CAPACIDADMAX(2)..  CARGA(2) =L= 24 ; (LHS = 15)
     
CAPACIDADMAX(3)..  CARGA(3) =L= 24 ; (LHS = 15)
     
REMAINING 21 ENTRIES SKIPPED


---- CARGAMAX  =L=  Función que condiciona la carga  por hora máxima a 3.68 kWh

CARGAMAX(1)..  - CARGA(1) + CARGA(2) =L= 3.68 ; (LHS = 0)
     
CARGAMAX(2)..  - CARGA(2) + CARGA(3) =L= 3.68 ; (LHS = 0)
     
CARGAMAX(3)..  - CARGA(3) + CARGA(4) =L= 3.68 ; (LHS = 0)
     
REMAINING 21 ENTRIES SKIPPED


---- DESCARGAMAX  =G=  Función que condiciona la descarga  por hora máxima a 3.6
                       8 kWh

DESCARGAMAX(1)..  CARGA(1) =G= -3.68 ; (LHS = 15)
     
DESCARGAMAX(2)..  - CARGA(1) + CARGA(2) =G= -3.68 ; (LHS = 0)
     
DESCARGAMAX(3)..  - CARGA(2) + CARGA(3) =G= -3.68 ; (LHS = 0)
     
REMAINING 21 ENTRIES SKIPPED

GAMS Rev 235  WEX-WEI 23.5.2 x86_64/MS Windows          05/03/17 19:32:04 Page 7
Programa-v3
Column Listing      SOLVE progConCoches Using LP From line 214


---- F  

F
                (.LO, .L, .UP, .M = -INF, 13725.2, +INF, 0)
        1       OBJ


---- CARGA  

CARGA(1)
                (.LO, .L, .UP, .M = 15, 15, 15, 0)
        1       CAPACIDADMAX(1)
       -1       CARGAMAX(1)
        1       DESCARGAMAX(1)
       -1       DESCARGAMAX(2)

CARGA(2)
                (.LO, .L, .UP, .M = 15, 15, 15, 0)
        1       CAPACIDADMAX(2)
        1       CARGAMAX(1)
       -1       CARGAMAX(2)
        1       DESCARGAMAX(2)
       -1       DESCARGAMAX(3)

CARGA(3)
                (.LO, .L, .UP, .M = 15, 15, 15, 0)
        1       CAPACIDADMAX(3)
        1       CARGAMAX(2)
       -1       CARGAMAX(3)
        1       DESCARGAMAX(3)
       -1       DESCARGAMAX(4)

REMAINING 21 ENTRIES SKIPPED

---- CONSUMOPORHORA  

CONSUMOPORHORA(1)
                (.LO, .L, .UP, .M = 0, 150, +INF, 0)
       -1       OBJ
       -1       ITERACION(1)

CONSUMOPORHORA(2)
                (.LO, .L, .UP, .M = 0, 180, +INF, 0)
       -1       OBJ
       -1       ITERACION(2)

CONSUMOPORHORA(3)
                (.LO, .L, .UP, .M = 0, 280, +INF, 0)
       -1       OBJ
       -1       ITERACION(3)

REMAINING 21 ENTRIES SKIPPED
GAMS Rev 235  WEX-WEI 23.5.2 x86_64/MS Windows          05/03/17 19:32:04 Page 8
Programa-v3
Model Statistics    SOLVE progConCoches Using LP From line 214


MODEL STATISTICS

BLOCKS OF EQUATIONS           5     SINGLE EQUATIONS           97
BLOCKS OF VARIABLES           3     SINGLE VARIABLES           49  5 projected
NON ZERO ELEMENTS           191


GENERATION TIME      =        0.000 SECONDS      3 Mb  WEX235-235 Aug 17, 2010


EXECUTION TIME       =        0.000 SECONDS      3 Mb  WEX235-235 Aug 17, 2010
GAMS Rev 235  WEX-WEI 23.5.2 x86_64/MS Windows          05/03/17 19:32:04 Page 9
Programa-v3
Solution Report     SOLVE progConCoches Using LP From line 214


               S O L V E      S U M M A R Y

     MODEL   progConCoches       OBJECTIVE  F
     TYPE    LP                  DIRECTION  MINIMIZE
     SOLVER  CPLEX               FROM LINE  214

**** SOLVER STATUS     1 Normal Completion         
**** MODEL STATUS      1 Optimal                   
**** OBJECTIVE VALUE            13694.6800

 RESOURCE USAGE, LIMIT          0.015      1000.000
 ITERATION COUNT, LIMIT         8    2000000000

IBM ILOG CPLEX   Aug 18, 2010 23.5.2 WEX 19143.19383 WEI x86_64/MS Windows
Cplex 12.2.0.0, GAMS Link 34 

LP status(1): optimal
Optimal solution found.
Objective :       13694.680000


                       LOWER     LEVEL     UPPER    MARGINAL

---- EQU OBJ             .         .         .        1.000      

  OBJ  La función objetivo

---- EQU ITERACION  Función de las horas 1 a la 24

      LOWER     LEVEL     UPPER    MARGINAL

1   -150.000  -150.000  -150.000    -1.000      
2   -180.000  -180.000  -180.000    -1.000      
3   -280.000  -280.000  -280.000    -1.000      
4   -180.000  -180.000  -180.000    -1.000      
5   -210.000  -210.000  -210.000    -1.000      
6   -280.000  -280.000  -280.000    -1.000      
7   -360.000  -360.000  -360.000    -1.000      
8   -654.000  -654.000  -654.000    -1.000      
9  -1024.000 -1024.000 -1024.000    -1.000      
10  -970.000  -970.000  -970.000    -1.000      
11  -965.000  -965.000  -965.000    -1.000      
12  -774.000  -774.000  -774.000    -1.000      
13  -529.900  -529.900  -529.900    -1.000      
14  -333.000  -333.000  -333.000    -1.000      
15  -333.000  -333.000  -333.000    -1.000      
16  -604.800  -604.800  -604.800    -1.000      
17  -860.000  -860.000  -860.000    -1.000      
18 -1061.500 -1061.500 -1061.500    -1.000      
19 -1776.000 -1776.000 -1776.000    -1.000      
20 -1290.000 -1290.000 -1290.000    -1.000      
21  -640.000  -640.000  -640.000    -1.000      
22   -90.000   -90.000   -90.000    -1.000      
23   -90.000   -90.000   -90.000    -1.000      
24   -90.000   -90.000   -90.000    -1.000      

---- EQU CAPACIDADMAX  Funcion que condiciona la carga de la batería a la capaci
                       dad

      LOWER     LEVEL     UPPER    MARGINAL

1      -INF     15.000    24.000      .         
2      -INF     15.000    24.000      .         
3      -INF     15.000    24.000      .         
4      -INF     15.000    24.000      .         
5      -INF     15.000    24.000      .         
6      -INF     15.000    24.000      .         
7      -INF     15.000    24.000      .         
8      -INF     15.000    24.000      .         
9      -INF     15.000    24.000      .         
10     -INF     11.320    24.000      .         
11     -INF      7.640    24.000      .         
12     -INF      9.280    24.000      .         
13     -INF     12.960    24.000      .         
14     -INF     16.640    24.000      .         
15     -INF     20.320    24.000      .         
16     -INF     24.000    24.000    -1.000      
17     -INF     24.000    24.000      EPS       
18     -INF     20.320    24.000      .         
19     -INF     16.640    24.000      .         
20     -INF     18.000    24.000      .         
21     -INF     18.000    24.000      .         
22     -INF     18.000    24.000      .         
23     -INF     18.000    24.000      .         
24     -INF     18.000    24.000      .         

---- EQU CARGAMAX  Función que condiciona la carga  por hora máxima a 3.68 kWh

      LOWER     LEVEL     UPPER    MARGINAL

1      -INF  4.441E-16     3.680      .         
2      -INF  4.441E-16     3.680      .         
3      -INF  4.441E-16     3.680      .         
4      -INF  4.441E-16     3.680      .         
5      -INF  4.441E-16     3.680      .         
6      -INF  4.441E-16     3.680      .         
7      -INF  4.441E-16     3.680      .         
8      -INF  4.441E-16     3.680      .         
9      -INF     -3.680     3.680      .         
10     -INF     -3.680     3.680      .         
11     -INF      1.640     3.680      .         
12     -INF      3.680     3.680    -2.000      
13     -INF      3.680     3.680    -3.000      
14     -INF      3.680     3.680    -3.000      
15     -INF      3.680     3.680    -1.000      
16     -INF  4.441E-16     3.680      .         
17     -INF     -3.680     3.680      .         
18     -INF     -3.680     3.680      .         
19     -INF      1.360     3.680      .         
20     -INF  4.441E-16     3.680      .         
21     -INF  4.441E-16     3.680      .         
22     -INF  4.441E-16     3.680      .         
23     -INF  4.441E-16     3.680      .         
24     -INF    -18.000     3.680      .         

---- EQU DESCARGAMAX  Función que condiciona la descarga  por hora máxima a 3.68
                      kWh

      LOWER     LEVEL     UPPER    MARGINAL

1     -3.680    15.000     +INF       .         
2     -3.680 -4.44E-16     +INF       .         
3     -3.680 -4.44E-16     +INF       .         
4     -3.680 -4.44E-16     +INF       .         
5     -3.680 -4.44E-16     +INF       .         
6     -3.680 -4.44E-16     +INF       .         
7     -3.680 -4.44E-16     +INF       .         
8     -3.680 -4.44E-16     +INF       .         
9     -3.680 -4.44E-16     +INF       .         
10    -3.680    -3.680     +INF      1.000      
11    -3.680    -3.680     +INF      1.000      
12    -3.680     1.640     +INF       .         
13    -3.680     3.680     +INF       .         
14    -3.680     3.680     +INF       .         
15    -3.680     3.680     +INF       .         
16    -3.680     3.680     +INF       .         
17    -3.680 -4.44E-16     +INF       .         
18    -3.680    -3.680     +INF      1.000      
19    -3.680    -3.680     +INF      2.000      
20    -3.680     1.360     +INF       .         
21    -3.680 -4.44E-16     +INF       .         
22    -3.680 -4.44E-16     +INF       .         
23    -3.680 -4.44E-16     +INF       .         
24    -3.680 -4.44E-16     +INF       .         

                       LOWER     LEVEL     UPPER    MARGINAL

---- VAR F              -INF  13694.680     +INF       .         

---- VAR CARGA  

      LOWER     LEVEL     UPPER    MARGINAL

1     15.000    15.000    15.000      EPS       
2     15.000    15.000    15.000      EPS       
3     15.000    15.000    15.000      EPS       
4     15.000    15.000    15.000      EPS       
5     15.000    15.000    15.000      EPS       
6     15.000    15.000    15.000      EPS       
7     15.000    15.000    15.000      EPS       
8     15.000    15.000    15.000    -8.000      
9     15.000    15.000    15.000    -1.000      
10      .       11.320     +INF       .         
11      .        7.640     +INF       .         
12      .        9.280     +INF       .         
13      .       12.960     +INF       .         
14      .       16.640     +INF       .         
15      .       20.320     +INF       .         
16      .       24.000     +INF       .         
17      .       24.000     +INF       .         
18      .       20.320     +INF       .         
19      .       16.640     +INF       .         
20    18.000    18.000     +INF     10.000      
21    18.000    18.000     +INF       EPS       
22    18.000    18.000     +INF       EPS       
23    18.000    18.000     +INF       EPS       
24    18.000    18.000     +INF       EPS       

---- VAR CONSUMOPORHORA  

      LOWER     LEVEL     UPPER    MARGINAL

1       .      150.000     +INF       .         
2       .      180.000     +INF       .         
3       .      280.000     +INF       .         
4       .      180.000     +INF       .         
5       .      210.000     +INF       .         
6       .      280.000     +INF       .         
7       .      360.000     +INF       .         
8       .      654.000     +INF       .         
9       .     1024.000     +INF       .         
10      .      933.200     +INF       .         
11      .      928.200     +INF       .         
12      .      788.760     +INF       .         
13      .      555.660     +INF       .         
14      .      355.080     +INF       .         
15      .      355.080     +INF       .         
16      .      634.240     +INF       .         
17      .      860.000     +INF       .         
18      .     1021.020     +INF       .         
19      .     1731.840     +INF       .         
20      .     1303.600     +INF       .         
21      .      640.000     +INF       .         
22      .       90.000     +INF       .         
23      .       90.000     +INF       .         
24      .       90.000     +INF       .         


**** REPORT SUMMARY :        0     NONOPT
                             0 INFEASIBLE
                             0  UNBOUNDED


EXECUTION TIME       =        0.000 SECONDS      2 Mb  WEX235-235 Aug 17, 2010


USER: Departamento de Ingenieria Civil               S091109:0516AN-WIN
      Universidad Politecnica de Madrid                          DC6094
      License for teaching and research at degree granting institutions


**** FILE SUMMARY

Input      C:\Users\Ignacio\Documents\Universidad\4\SegundoSemestre\TFG\GAMS\GAM
           S - Prog\Prog-v3\Prog-v3.gms
Output     C:\Users\Ignacio\Documents\Universidad\4\SegundoSemestre\TFG\GAMS\GAM
           S - Prog\Prog-v2\Prog-v3.lst
